CLEAR 
TTTTTTTTT
T...L...T
T...~...T
T...R.T.T
T.T..TT.T
T.x...*.T
T.......T
T.......T
TTTTTTTTT